[demo.bootstrapious.com/foliou/2-0-1/index.html]
[backblue.gif]
[fade.gif]
[index.html]
[d19m59y37dris4.cloudfront.net/foliou/2-0-0/vendor/bootstrap/css/bootstrap.min.css]
[d19m59y37dris4.cloudfront.net/foliou/2-0-0/vendor/font-awesome/css/font-awesome.min.css]
[d19m59y37dris4.cloudfront.net/foliou/2-0-0/vendor/owl.carousel/assets/owl.carousel.css]
[d19m59y37dris4.cloudfront.net/foliou/2-0-0/vendor/owl.carousel/assets/owl.theme.default.css]
[d19m59y37dris4.cloudfront.net/foliou/2-0-0/css/device-mockups.min.css]
[d19m59y37dris4.cloudfront.net/foliou/2-0-0/vendor/magnific-popup/magnific-popup.css]
[d19m59y37dris4.cloudfront.net/foliou/2-0-0/css/style.default.css]
[demo.bootstrapious.com/foliou/2-0-1/index-2.html]
[d19m59y37dris4.cloudfront.net/foliou/2-0-0/img/hero-macbook.png]
[d19m59y37dris4.cloudfront.net/foliou/2-0-0/img/trifold.jpg]
[d19m59y37dris4.cloudfront.net/foliou/2-0-0/img/portfolio-6.jpg]
[d19m59y37dris4.cloudfront.net/foliou/2-0-0/img/portfolio-3.jpg]
[d19m59y37dris4.cloudfront.net/foliou/2-0-0/img/portfolio-4.jpg]
[d19m59y37dris4.cloudfront.net/foliou/2-0-0/img/portfolio-1.jpg]
[d19m59y37dris4.cloudfront.net/foliou/2-0-0/img/portfolio-2.jpg]
[d19m59y37dris4.cloudfront.net/foliou/2-0-0/img/portfolio-5.jpg]
[d19m59y37dris4.cloudfront.net/foliou/2-0-0/img/portfolio-7.jpg]
[d19m59y37dris4.cloudfront.net/foliou/2-0-0/img/portfolio-8.jpg]
[d19m59y37dris4.cloudfront.net/foliou/2-0-0/img/brand-1.png]
[d19m59y37dris4.cloudfront.net/foliou/2-0-0/img/brand-2.png]
[d19m59y37dris4.cloudfront.net/foliou/2-0-0/img/brand-3.png]
[d19m59y37dris4.cloudfront.net/foliou/2-0-0/img/brand-4.png]
[d19m59y37dris4.cloudfront.net/foliou/2-0-0/img/brand-5.png]
[d19m59y37dris4.cloudfront.net/foliou/2-0-0/img/brand-6.png]
[demo.bootstrapious.com/foliou/2-0-1/img/gallery-1.jpg]
[d19m59y37dris4.cloudfront.net/foliou/2-0-0/img/gallery-1-small.jpg]
[demo.bootstrapious.com/foliou/2-0-1/img/gallery-2.jpg]
[d19m59y37dris4.cloudfront.net/foliou/2-0-0/img/gallery-2-small.jpg]
[demo.bootstrapious.com/foliou/2-0-1/img/gallery-4.jpg]
[d19m59y37dris4.cloudfront.net/foliou/2-0-0/img/gallery-4-small.jpg]
[demo.bootstrapious.com/foliou/2-0-1/img/gallery-3.jpg]
[d19m59y37dris4.cloudfront.net/foliou/2-0-0/img/gallery-3-small.jpg]
[d19m59y37dris4.cloudfront.net/foliou/2-0-0/img/logo-footer.png]
[d19m59y37dris4.cloudfront.net/foliou/2-0-0/img/template-mac.png]
[d19m59y37dris4.cloudfront.net/foliou/2-0-0/vendor/jquery/jquery.min.js]
[d19m59y37dris4.cloudfront.net/foliou/2-0-0/vendor/popper.js/umd/popper.min.js]
[d19m59y37dris4.cloudfront.net/foliou/2-0-0/vendor/bootstrap/js/bootstrap.min.js]
[d19m59y37dris4.cloudfront.net/foliou/2-0-0/vendor/jquery.cookie/jquery.cookie.js]
[d19m59y37dris4.cloudfront.net/foliou/2-0-0/vendor/owl.carousel/owl.carousel.min.js]
[d19m59y37dris4.cloudfront.net/foliou/2-0-0/vendor/magnific-popup/jquery.magnific-popup.min.js]
[d19m59y37dris4.cloudfront.net/foliou/2-0-0/vendor/jquery-validation/jquery.validate.min.js]
[www.google-analytics.com/analytics.js]
[demo.bootstrapious.com/foliou/2-0-1/index.html]
[d19m59y37dris4.cloudfront.net/foliou/2-0-0/vendor/bootstrap/css/bootstrap.min.css]
[d19m59y37dris4.cloudfront.net/foliou/2-0-0/vendor/font-awesome/css/font-awesome.min.css]
[d19m59y37dris4.cloudfront.net/foliou/2-0-0/js/front.js]
[file.myfontastic.com/5snkrxHHMrEY5ybaZhVHUH/fonts/1488210238.eot]
[file.myfontastic.com/5snkrxHHMrEY5ybaZhVHUH/fonts/1488210238d41d.eot]
[file.myfontastic.com/5snkrxHHMrEY5ybaZhVHUH/fonts/1488210238.woff]
[file.myfontastic.com/5snkrxHHMrEY5ybaZhVHUH/fonts/1488210238.ttf]
[file.myfontastic.com/5snkrxHHMrEY5ybaZhVHUH/icons.css]
[d19m59y37dris4.cloudfront.net/foliou/2-0-0/vendor/owl.carousel/assets/owl.video.play.png]
[d19m59y37dris4.cloudfront.net/foliou/2-0-0/vendor/owl.carousel/assets/owl.carousel.css]
[d19m59y37dris4.cloudfront.net/foliou/2-0-0/vendor/owl.carousel/assets/owl.theme.default.css]
[d19m59y37dris4.cloudfront.net/foliou/2-0-0/device-mockups/Macbook/portrait_black.png]
[d19m59y37dris4.cloudfront.net/foliou/2-0-0/device-mockups/Macbook/portrait_white.png]
[d19m59y37dris4.cloudfront.net/foliou/2-0-0/device-mockups/Macbook/portrait_gold.png]
[d19m59y37dris4.cloudfront.net/foliou/2-0-0/device-mockups/Macbook2015/portrait_black.png]
[d19m59y37dris4.cloudfront.net/foliou/2-0-0/device-mockups/Macbook2015/portrait_white.png]
[d19m59y37dris4.cloudfront.net/foliou/2-0-0/device-mockups/Macbook2015/portrait_gold.png]
[d19m59y37dris4.cloudfront.net/foliou/2-0-0/device-mockups/MacbookPro/portrait_black.png]
[d19m59y37dris4.cloudfront.net/foliou/2-0-0/css/device-mockups.min.css]
[d19m59y37dris4.cloudfront.net/foliou/2-0-0/vendor/magnific-popup/magnific-popup.css]
[d19m59y37dris4.cloudfront.net/foliou/2-0-0/css/style.default.css]
[d19m59y37dris4.cloudfront.net/foliou/2-0-0/css/custom.css]
[demo.bootstrapious.com/foliou/2-0-1/index-2.html]
[file.myfontastic.com/5snkrxHHMrEY5ybaZhVHUH/fonts/1488210238.svg]
[d19m59y37dris4.cloudfront.net/foliou/2-0-0/device-mockups/galaxyS3/portrait_black.html]
[d19m59y37dris4.cloudfront.net/foliou/2-0-0/device-mockups/galaxyS3/portrait_white.html]
[d19m59y37dris4.cloudfront.net/foliou/2-0-0/device-mockups/galaxyS3/landscape_black.html]
[d19m59y37dris4.cloudfront.net/foliou/2-0-0/device-mockups/galaxyS3/landscape_white.html]
[d19m59y37dris4.cloudfront.net/foliou/2-0-0/device-mockups/galaxyS5/portrait_black.html]
[d19m59y37dris4.cloudfront.net/foliou/2-0-0/device-mockups/galaxyS5/portrait_white.html]
[d19m59y37dris4.cloudfront.net/foliou/2-0-0/device-mockups/galaxyS5/portrait_gold.html]
[d19m59y37dris4.cloudfront.net/foliou/2-0-0/device-mockups/galaxyS5/landscape_black.html]
[d19m59y37dris4.cloudfront.net/foliou/2-0-0/device-mockups/galaxyS5/landscape_white.html]
[d19m59y37dris4.cloudfront.net/foliou/2-0-0/device-mockups/galaxyS5/landscape_gold.html]
[d19m59y37dris4.cloudfront.net/foliou/2-0-0/device-mockups/galaxyTab4/portrait_black.html]
[d19m59y37dris4.cloudfront.net/foliou/2-0-0/device-mockups/galaxyTab4/portrait_white.html]
[d19m59y37dris4.cloudfront.net/foliou/2-0-0/device-mockups/iMac/portrait_black.html]
[d19m59y37dris4.cloudfront.net/foliou/2-0-0/device-mockups/iPad/portrait_black.html]
[d19m59y37dris4.cloudfront.net/foliou/2-0-0/device-mockups/iPad/portrait_white.html]
[d19m59y37dris4.cloudfront.net/foliou/2-0-0/device-mockups/iPad/landscape_black.html]
[d19m59y37dris4.cloudfront.net/foliou/2-0-0/device-mockups/iPad/landscape_white.html]
[d19m59y37dris4.cloudfront.net/foliou/2-0-0/device-mockups/iPadAir2/portrait_black.html]
[d19m59y37dris4.cloudfront.net/foliou/2-0-0/device-mockups/iPadAir2/portrait_white.html]
[d19m59y37dris4.cloudfront.net/foliou/2-0-0/device-mockups/iPadAir2/portrait_gold.html]
[d19m59y37dris4.cloudfront.net/foliou/2-0-0/device-mockups/iPadAir2/landscape_black.html]
[d19m59y37dris4.cloudfront.net/foliou/2-0-0/device-mockups/iPadAir2/landscape_white.html]
[d19m59y37dris4.cloudfront.net/foliou/2-0-0/device-mockups/iPadAir2/landscape_gold.html]
[d19m59y37dris4.cloudfront.net/foliou/2-0-0/device-mockups/iPadPro/portrait_black.html]
[d19m59y37dris4.cloudfront.net/foliou/2-0-0/device-mockups/iPadPro/portrait_white.html]
[d19m59y37dris4.cloudfront.net/foliou/2-0-0/device-mockups/iPadPro/portrait_gold.html]
[d19m59y37dris4.cloudfront.net/foliou/2-0-0/device-mockups/iPadPro/landscape_black.html]
[d19m59y37dris4.cloudfront.net/foliou/2-0-0/device-mockups/iPadPro/landscape_white.html]
[d19m59y37dris4.cloudfront.net/foliou/2-0-0/device-mockups/iPadPro/landscape_gold.html]
[d19m59y37dris4.cloudfront.net/foliou/2-0-0/device-mockups/iPhone6/portrait_black.html]
[d19m59y37dris4.cloudfront.net/foliou/2-0-0/device-mockups/iPhone6/portrait_white.html]
[d19m59y37dris4.cloudfront.net/foliou/2-0-0/device-mockups/iPhone6/portrait_gold.html]
[d19m59y37dris4.cloudfront.net/foliou/2-0-0/device-mockups/iPhone6/landscape_black.html]
[d19m59y37dris4.cloudfront.net/foliou/2-0-0/device-mockups/iPhone6/landscape_white.html]
[d19m59y37dris4.cloudfront.net/foliou/2-0-0/device-mockups/iPhone6/landscape_gold.html]
[d19m59y37dris4.cloudfront.net/foliou/2-0-0/device-mockups/iPhone6Plus/portrait_black.html]
[d19m59y37dris4.cloudfront.net/foliou/2-0-0/device-mockups/iPhone6Plus/portrait_white.html]
[d19m59y37dris4.cloudfront.net/foliou/2-0-0/device-mockups/iPhone6Plus/portrait_gold.html]
[d19m59y37dris4.cloudfront.net/foliou/2-0-0/device-mockups/iPhone6Plus/landscape_black.html]
[d19m59y37dris4.cloudfront.net/foliou/2-0-0/device-mockups/iPhone6Plus/landscape_white.html]
[d19m59y37dris4.cloudfront.net/foliou/2-0-0/device-mockups/iPhone6Plus/landscape_gold.html]
[d19m59y37dris4.cloudfront.net/foliou/2-0-0/device-mockups/iPhoneSE/portrait_black.html]
[d19m59y37dris4.cloudfront.net/foliou/2-0-0/device-mockups/iPhoneSE/portrait_white.html]
[d19m59y37dris4.cloudfront.net/foliou/2-0-0/device-mockups/iPhoneSE/portrait_gold.html]
[d19m59y37dris4.cloudfront.net/foliou/2-0-0/device-mockups/iPhoneSE/portrait_pink.html]
[d19m59y37dris4.cloudfront.net/foliou/2-0-0/device-mockups/iPhoneSE/landscape_black.html]
[d19m59y37dris4.cloudfront.net/foliou/2-0-0/device-mockups/iPhoneSE/landscape_white.html]
[d19m59y37dris4.cloudfront.net/foliou/2-0-0/device-mockups/iPhoneSE/landscape_gold.html]
[d19m59y37dris4.cloudfront.net/foliou/2-0-0/device-mockups/iPhoneSE/landscape_pink.html]
[d19m59y37dris4.cloudfront.net/foliou/2-0-0/device-mockups/iPhone5/portrait_black.html]
[d19m59y37dris4.cloudfront.net/foliou/2-0-0/device-mockups/iPhone5/portrait_white.html]
[d19m59y37dris4.cloudfront.net/foliou/2-0-0/device-mockups/iPhone5/landscape_black.html]
[d19m59y37dris4.cloudfront.net/foliou/2-0-0/device-mockups/iPhone5/landscape_white.html]
[d19m59y37dris4.cloudfront.net/foliou/2-0-0/device-mockups/Lumia930/portrait_black.html]
[d19m59y37dris4.cloudfront.net/foliou/2-0-0/device-mockups/Lumia930/portrait_white.html]
[d19m59y37dris4.cloudfront.net/foliou/2-0-0/device-mockups/Lumia930/landscape_black.html]
[d19m59y37dris4.cloudfront.net/foliou/2-0-0/device-mockups/Lumia930/landscape_white.html]
[d19m59y37dris4.cloudfront.net/foliou/2-0-0/device-mockups/SamsungTV/portrait_black.html]
[d19m59y37dris4.cloudfront.net/foliou/2-0-0/device-mockups/Surface/portrait_black.html]
[d19m59y37dris4.cloudfront.net/foliou/2-0-0/device-mockups/iPhone6Hand/portrait_black.html]
[d19m59y37dris4.cloudfront.net/foliou/2-0-0/device-mockups/iPhone6Hand/portrait_white.html]
[d19m59y37dris4.cloudfront.net/foliou/2-0-0/device-mockups/iPhone7Hand/portrait_black.html]
[d19m59y37dris4.cloudfront.net/foliou/2-0-0/device-mockups/iPhone7Hand_2/portrait_black.html]
[d19m59y37dris4.cloudfront.net/foliou/2-0-0/device-mockups/Chromebook/portrait_black.html]
[d19m59y37dris4.cloudfront.net/foliou/2-0-0/device-mockups/HtcOneM8/portrait_black.html]
[d19m59y37dris4.cloudfront.net/foliou/2-0-0/device-mockups/HtcOneM8/landscape_black.html]
[d19m59y37dris4.cloudfront.net/foliou/2-0-0/device-mockups/HuaweiP8/portrait_gold.html]
[d19m59y37dris4.cloudfront.net/foliou/2-0-0/device-mockups/HuaweiP8/landscape_gold.html]
[d19m59y37dris4.cloudfront.net/foliou/2-0-0/device-mockups/SurfacePro3/landscape_black.html]
[d19m59y37dris4.cloudfront.net/foliou/2-0-0/device-mockups/SurfaceStudio/portrait_black.html]
[d19m59y37dris4.cloudfront.net/foliou/2-0-0/device-mockups/iPhone7/portrait_black.html]
[d19m59y37dris4.cloudfront.net/foliou/2-0-0/device-mockups/iPhone7/portrait_white.html]
[d19m59y37dris4.cloudfront.net/foliou/2-0-0/device-mockups/iPhone7/portrait_gold.html]
[d19m59y37dris4.cloudfront.net/foliou/2-0-0/device-mockups/iPhone7/portrait_pink.html]
[d19m59y37dris4.cloudfront.net/foliou/2-0-0/device-mockups/iPhone7/portrait_red.html]
[d19m59y37dris4.cloudfront.net/foliou/2-0-0/device-mockups/iPhone7/landscape_black.html]
[d19m59y37dris4.cloudfront.net/foliou/2-0-0/device-mockups/iPhone7/landscape_white.html]
[d19m59y37dris4.cloudfront.net/foliou/2-0-0/device-mockups/iPhone7/landscape_gold.html]
[d19m59y37dris4.cloudfront.net/foliou/2-0-0/device-mockups/iPhone7/landscape_pink.html]
[d19m59y37dris4.cloudfront.net/foliou/2-0-0/device-mockups/iPhone7/landscape_red.html]
[d19m59y37dris4.cloudfront.net/foliou/2-0-0/device-mockups/Pixel/portrait_white.html]
[d19m59y37dris4.cloudfront.net/foliou/2-0-0/device-mockups/Pixel/portrait_black.html]
